---
source: src/cdcl.rs
description: 2b738a1991a7318cad993a809b10cc2c
expression: cdcl.trail.to_string()
snapshot_kind: text
---
 ¬x1 | 0 | ¬x1
 ¬x2 | 0 | x1 ∨ ¬x2
 ¬x4 | 0 | x1 ∨ x2 ∨ ¬x4
 ¬x3 | 0 | x1 ∨ x2 ∨ ¬x3 ∨ x4
 x10 | 0 | x1 ∨ x3 ∨ x10
 ¬x5 | 0 | x2 ∨ x3 ∨ x4 ∨ ¬x5 ∨ ¬x10
¬x12 | 0 | x3 ∨ x5 ∨ ¬x12
 x11 | 0 | x4 ∨ x5 ∨ x11
 ¬x6 | 0 | x2 ∨ ¬x6 ∨ ¬x10 ∨ ¬x11 ∨ x12
 ¬x7 | 0 | x6 ∨ ¬x7 ∨ ¬x11
 ¬x9 | 0 | x2 ∨ x7 ∨ ¬x9
  x8 | 0 | x6 ∨ x8 ∨ x12
