---
source: src/cdcl.rs
description: 18f54820956791d3028868b56a09c6cd
expression: cdcl.trail.to_string()
snapshot_kind: text
---
 ¬x1 | 0 | ¬x1
 ¬x7 | 0 | ¬x7
 ¬x2 | 0 | ¬x2
 ¬x3 | 0 | ¬x3
 x15 | 0 | x15
¬x20 | 0 | ¬x20
¬x22 | 0 | ¬x22
 x26 | 0 | x26
¬x28 | 0 | ¬x28
¬x30 | 0 | ¬x30
¬x34 | 0 | ¬x34
 x35 | 0 | x35
¬x36 | 0 | ¬x36
 x44 | 0 | x44
¬x47 | 0 | ¬x47
¬x48 | 0 | ¬x48
