---
source: src/cdcl.rs
description: 00f969737ba4338bd233cd3ed249bd55
expression: proof.to_string()
snapshot_kind: text
---
-5 -13 27 0
-9 -15 -38 0
-1 -10 26 0
-1 -7 -9 -25 0
-8 9 38 0
-1 -3 -7 0
-5 -18 0
-13 -18 0
5 -12 16 -19 -27 0
5 -20 -27 0
-23 -37 0
-12 16 23 -32 -34 0
-1 3 -12 23 -26 -31 -32 0
