---
source: src/cdcl.rs
description: 04e47e6635908600ef3938b32644825a
expression: proof.to_string()
snapshot_kind: text
---
-1 -4 -21 0
-2 -5 16 0
-1 -2 -21 0
-7 -10 14 0
-7 -13 14 -15 17 0
-7 -11 -13 14 36 0
-7 10 -11 14 -20 0
4 -6 -19 0
11 -24 36 0
4 -5 -6 -9 -25 0
-12 18 -27 0
2 -12 -16 0
2 16 -27 0
2 -7 -12 14 0
2 -5 -7 -9 0
-10 25 35 0
2 -12 0
-5 12 18 0
-1 0
5 -7 9 -12 14 0
-2 5 -7 9 16 0
-19 -21 0
7 -10 -13 14 20 0
13 17 -32 0
32 0
13 0
7 -11 -14 0
24 0
11 -15 17 -36 0
15 0
7 -10 0
7 0
