---
source: src/cdcl.rs
description: 38de0de52a209b6d0beb50986fd8b506
expression: proof.to_string()
snapshot_kind: text
---
-1 -4 -12 19 -22 0
-16 0
-3 -8 -9 -10 28 0
-9 10 -11 28 29 0
11 0
-3 -8 -9 -11 16 38 0
-3 -8 -10 -11 -15 0
-3 -11 16 38 0
3 -5 -8 12 37 0
-1 3 -4 -8 19 0
-1 3 -8 16 38 0
1 3 -5 -8 -19 0
-4 5 -12 -21 -22 0
1 -4 5 -19 -21 0
