---
source: src/cdcl.rs
description: 04e47e6635908600ef3938b32644825a
expression: cdcl.trail.to_string()
snapshot_kind: text
---
  x3 | 0 | x3
  x8 | 0 | x8
 x22 | 0 | x22
 x23 | 0 | x23
 x26 | 0 | x26
¬x28 | 0 | ¬x28
 ¬x1 | 0 | ¬x1
 x32 | 0 | x32
 x33 | 0 | ¬x32 ∨ x33
 ¬x2 | 0 | x1 ∨ ¬x2 ∨ ¬x32 ∨ ¬x33
¬x12 | 0 | x2 ∨ ¬x12
¬x18 | 0 | x12 ∨ ¬x18
 ¬x5 | 0 | ¬x5 ∨ x12 ∨ x18
 ¬x9 | 0 | x5 ∨ ¬x9
¬x16 | 0 | x2 ∨ x5 ∨ x9 ∨ ¬x16
¬x27 | 0 | x2 ∨ x16 ∨ ¬x27
¬x29 | 0 | x27 ∨ ¬x29
 ¬x7 | 0 | ¬x7 ∨ x27 ∨ x29
¬x10 | 0 | x1 ∨ x7 ∨ ¬x10 ∨ ¬x32 ∨ ¬x33
 x20 | 0 | x10 ∨ x20
¬x14 | 0 | x7 ∨ x10 ∨ ¬x14 ∨ ¬x20
¬x13 | 0 | x7 ∨ ¬x13 ∨ x14 ∨ x27 ∨ x29
¬x17 | 0 | x13 ∨ ¬x17
