---
source: src/cdcl.rs
description: 18f54820956791d3028868b56a09c6cd
expression: proof.to_string()
snapshot_kind: text
---
-1 -2 0
-2 -3 -5 -20 -22 30 34 -47 -48 0
