---
source: src/cdcl.rs
description: 18f54820956791d3028868b56a09c6cd
expression: cdcl.trail.to_string()
snapshot_kind: text
---
 ¬x1 | 0 | ¬x1
 ¬x7 | 0 | x1 ∨ ¬x7
 ¬x2 | 0 | ¬x2 ∨ x7
¬x22 | 0 | x2 ∨ ¬x22
¬x47 | 0 | x22 ∨ ¬x47
¬x48 | 0 | x47 ∨ ¬x48
¬x20 | 0 | ¬x20 ∨ x48
 ¬x3 | 0 | ¬x3 ∨ x20
 x15 | 0 | x2 ∨ x3 ∨ x15
 x26 | 0 | x20 ∨ x22 ∨ x26
¬x28 | 0 | x20 ∨ x22 ∨ ¬x28
¬x30 | 0 | x28 ∨ ¬x30
¬x36 | 0 | ¬x36 ∨ x47 ∨ x48
¬x34 | 0 | ¬x34 ∨ x36
 x35 | 0 | x35 ∨ x36
 x44 | 0 | x44 ∨ x47 ∨ x48
 ¬x5 | 0 | x2 ∨ x3 ∨ ¬x5 ∨ x7 ∨ x20 ∨ x22 ∨ x30 ∨ x34 ∨ x47 ∨ x48
¬x19 | 0 | x5 ∨ ¬x19
¬x49 | 0 | x19 ∨ ¬x49
¬x50 | 0 | x49 ∨ ¬x50
¬x23 | 0 | ¬x23 ∨ x50
 ¬x6 | 0 | ¬x6 ∨ x23
 ¬x8 | 0 | x2 ∨ x6 ∨ ¬x8
¬x10 | 0 | x8 ∨ ¬x10
 x12 | 0 | x2 ∨ x6 ∨ x12
  x9 | 0 | x3 ∨ x5 ∨ x9
¬x11 | 0 | x3 ∨ x5 ∨ ¬x11
¬x13 | 0 | x11 ∨ ¬x13
  x4 | 0 | x4 ∨ x5 ∨ x6
¬x14 | 0 | x5 ∨ x6 ∨ ¬x14
¬x16 | 0 | x14 ∨ ¬x16
¬x18 | 0 | ¬x18 ∨ x19 ∨ x20
¬x24 | 0 | x18 ∨ ¬x24
 x32 | 0 | x19 ∨ x20 ∨ x32
¬x25 | 0 | x19 ∨ x23 ∨ ¬x25
¬x27 | 0 | x25 ∨ ¬x27
 x29 | 0 | x19 ∨ x23 ∨ x29
 x21 | 0 | x21 ∨ x22 ∨ x23
¬x31 | 0 | x22 ∨ x23 ∨ ¬x31
¬x33 | 0 | x31 ∨ ¬x33
 x38 | 0 | x38 ∨ x48 ∨ x49
¬x39 | 0 | ¬x39 ∨ x47 ∨ x50
¬x37 | 0 | ¬x37 ∨ x39
 x41 | 0 | x41 ∨ x47 ∨ x50
¬x42 | 0 | ¬x42 ∨ x48 ∨ x49
¬x40 | 0 | ¬x40 ∨ x42
¬x45 | 0 | ¬x45 ∨ x49 ∨ x50
¬x43 | 0 | ¬x43 ∨ x45
¬x17 | 0 | x7 ∨ x10 ∨ x13 ∨ x16 ∨ ¬x17
 x46 | 0 | x17 ∨ x46
