---
source: src/cdcl.rs
description: 7e19f295d35c30ac4d5386ffec1fcf28
expression: cdcl.trail.to_string()
snapshot_kind: text
---
  x1 | 0 | x1
  x2 | 0 | x2
 x30 | 0 | x30
 x31 | 0 | x31
 x46 | 0 | x46
 ¬x3 | 0 | ¬x3
 ¬x4 | 0 | ¬x4
 ¬x5 | 0 | ¬x5
 ¬x6 | 0 | ¬x6
 ¬x7 | 0 | ¬x7
 ¬x8 | 0 | ¬x8
 ¬x9 | 0 | ¬x9
¬x10 | 0 | ¬x10
 x12 | 0 | x12
¬x28 | 0 | ¬x28
 x11 | 1 | Λ
¬x27 | 1 | ¬x11 ∨ ¬x27
¬x42 | 1 | x27 ∨ ¬x42
 x43 | 1 | x42 ∨ x43
 x13 | 2 | Λ
 x14 | 2 | ¬x13 ∨ x14
¬x15 | 2 | ¬x13 ∨ ¬x15
¬x17 | 2 | ¬x13 ∨ ¬x17
¬x36 | 2 | ¬x13 ∨ ¬x36
¬x37 | 2 | ¬x13 ∨ ¬x37
¬x38 | 2 | ¬x13 ∨ ¬x38
¬x41 | 2 | ¬x13 ∨ ¬x41
¬x16 | 2 | ¬x14 ∨ ¬x16
¬x18 | 2 | ¬x14 ∨ ¬x18
¬x48 | 2 | x41 ∨ ¬x48
 x47 | 2 | x47 ∨ x48
 x35 | 2 | x35 ∨ ¬x47
¬x21 | 2 | ¬x21 ∨ ¬x35
¬x23 | 2 | ¬x23 ∨ ¬x35
 x26 | 2 | x26 ∨ ¬x35
¬x22 | 2 | ¬x22 ∨ ¬x26
¬x34 | 2 | x22 ∨ ¬x34
¬x24 | 2 | ¬x24 ∨ ¬x26
¬x29 | 2 | x24 ∨ ¬x29
¬x33 | 2 | x24 ∨ ¬x33
¬x45 | 2 | x29 ∨ ¬x45
 x39 | 2 | x39 ∨ ¬x47
 x40 | 2 | ¬x39 ∨ x40
 x44 | 2 | x44 ∨ x45
 x19 | 2 | x19 ∨ ¬x44
 x20 | 2 | ¬x19 ∨ x20
 x32 | 2 | x32 ∨ x33 ∨ x34 ∨ ¬x47
¬x25 | 2 | ¬x25 ∨ ¬x32
